<span class="fa fa-lg fa-print"></span><a data-fancybox data-type="iframe" class="modal-window-link hide-loader" href="https://homebrew.example.com/includes/outpoutput.inc.php?section=entry-form&amp;action=print&amp;id=55&amp;bid=99" data-toggle="tooltip" data-placement="top" title="Print entry form">Print entry form</a>